2026-09-03 21:37:16.854: [INFO] CurrentProfilePath: C:\Users\Enoch\source\repos\GameSaveEditor\GameSaveEditor\bin\Debug\net10.0-windows10.0.19041.0\win-x64\GameSaveEditor.exe.WebView2\EBWebView\Default
2026-09-03 21:37:16.854: [INFO] Profiles total count: 1
2026-09-03 21:37:16.854: [INFO] Profile: name=Profile 1 path=C:\Users\Enoch\source\repos\GameSaveEditor\GameSaveEditor\bin\Debug\net10.0-windows10.0.19041.0\win-x64\GameSaveEditor.exe.WebView2\EBWebView\Default lastActive=null
2026-09-03 21:37:16.854: [INFO] LastUsedProfileDir: C:\Users\Enoch\source\repos\GameSaveEditor\GameSaveEditor\bin\Debug\net10.0-windows10.0.19041.0\win-x64\GameSaveEditor.exe.WebView2\EBWebView\Default
2026-09-03 21:37:16.854: [INFO] OnDoneLoading sync enabled: 0
2026-09-03 21:37:16.854: [INFO] BookmarkModelLoaded, ids_reassigned: 0
2026-09-03 21:37:16.854: [INFO] BookmarksLoadDropped droppedNodes=0
2026-09-03 21:37:16.854: [INFO] BookmarksSnapshot Startup total=0 bar=0 other=0 mobile=0 showBar=0 showBarNTP=1
2026-09-03 21:37:47.861: [INFO] BookmarksSnapshot Shutdown total=0 bar=0 other=0 mobile=0 showBar=0 showBarNTP=1
2026-09-03 21:39:51.742: [INFO] CurrentProfilePath: C:\Users\Enoch\source\repos\GameSaveEditor\GameSaveEditor\bin\Debug\net10.0-windows10.0.19041.0\win-x64\GameSaveEditor.exe.WebView2\EBWebView\Default
2026-09-03 21:39:51.742: [INFO] Profiles total count: 1
2026-09-03 21:39:51.742: [INFO] Profile: name=Profile 1 path=C:\Users\Enoch\source\repos\GameSaveEditor\GameSaveEditor\bin\Debug\net10.0-windows10.0.19041.0\win-x64\GameSaveEditor.exe.WebView2\EBWebView\Default lastActive=2026-09-03T21:37:46.207Z
2026-09-03 21:39:51.742: [INFO] LastUsedProfileDir: C:\Users\Enoch\source\repos\GameSaveEditor\GameSaveEditor\bin\Debug\net10.0-windows10.0.19041.0\win-x64\GameSaveEditor.exe.WebView2\EBWebView\Default
2026-09-03 21:39:51.742: [INFO] MostRecentlyActiveProfile: name=Profile 1 path=C:\Users\Enoch\source\repos\GameSaveEditor\GameSaveEditor\bin\Debug\net10.0-windows10.0.19041.0\win-x64\GameSaveEditor.exe.WebView2\EBWebView\Default lastActive=2026-09-03T21:37:46.207Z
2026-09-03 21:39:51.742: [INFO] OnDoneLoading sync enabled: 0
2026-09-03 21:39:51.742: [INFO] BookmarkModelLoaded, ids_reassigned: 0
2026-09-03 21:39:51.742: [INFO] BookmarksLoadDropped droppedNodes=0
2026-09-03 21:39:51.742: [INFO] BookmarksSnapshot Startup total=0 bar=0 other=0 mobile=0 showBar=0 showBarNTP=1
2026-09-03 21:40:02.138: [INFO] BookmarksSnapshot Shutdown total=0 bar=0 other=0 mobile=0 showBar=0 showBarNTP=1
2026-09-03 21:47:10.758: [INFO] CurrentProfilePath: C:\Users\Enoch\source\repos\GameSaveEditor\GameSaveEditor\bin\Debug\net10.0-windows10.0.19041.0\win-x64\GameSaveEditor.exe.WebView2\EBWebView\Default
2026-09-03 21:47:10.758: [INFO] Profiles total count: 1
2026-09-03 21:47:10.758: [INFO] Profile: name=Profile 1 path=C:\Users\Enoch\source\repos\GameSaveEditor\GameSaveEditor\bin\Debug\net10.0-windows10.0.19041.0\win-x64\GameSaveEditor.exe.WebView2\EBWebView\Default lastActive=2026-09-03T21:39:59.939Z
2026-09-03 21:47:10.758: [INFO] LastUsedProfileDir: C:\Users\Enoch\source\repos\GameSaveEditor\GameSaveEditor\bin\Debug\net10.0-windows10.0.19041.0\win-x64\GameSaveEditor.exe.WebView2\EBWebView\Default
2026-09-03 21:47:10.758: [INFO] MostRecentlyActiveProfile: name=Profile 1 path=C:\Users\Enoch\source\repos\GameSaveEditor\GameSaveEditor\bin\Debug\net10.0-windows10.0.19041.0\win-x64\GameSaveEditor.exe.WebView2\EBWebView\Default lastActive=2026-09-03T21:39:59.939Z
2026-09-03 21:47:10.758: [INFO] OnDoneLoading sync enabled: 0
2026-09-03 21:47:10.758: [INFO] BookmarkModelLoaded, ids_reassigned: 0
2026-09-03 21:47:10.758: [INFO] BookmarksLoadDropped droppedNodes=0
2026-09-03 21:47:10.758: [INFO] BookmarksSnapshot Startup total=0 bar=0 other=0 mobile=0 showBar=0 showBarNTP=1
2026-09-03 21:47:51.697: [INFO] BookmarksSnapshot Shutdown total=0 bar=0 other=0 mobile=0 showBar=0 showBarNTP=1
2026-09-03 22:06:26.865: [INFO] CurrentProfilePath: C:\Users\Enoch\source\repos\GameSaveEditor\GameSaveEditor\bin\Debug\net10.0-windows10.0.19041.0\win-x64\GameSaveEditor.exe.WebView2\EBWebView\Default
2026-09-03 22:06:26.865: [INFO] Profiles total count: 1
2026-09-03 22:06:26.865: [INFO] Profile: name=Profile 1 path=C:\Users\Enoch\source\repos\GameSaveEditor\GameSaveEditor\bin\Debug\net10.0-windows10.0.19041.0\win-x64\GameSaveEditor.exe.WebView2\EBWebView\Default lastActive=2026-09-03T21:47:12.422Z
2026-09-03 22:06:26.865: [INFO] LastUsedProfileDir: C:\Users\Enoch\source\repos\GameSaveEditor\GameSaveEditor\bin\Debug\net10.0-windows10.0.19041.0\win-x64\GameSaveEditor.exe.WebView2\EBWebView\Default
2026-09-03 22:06:26.865: [INFO] MostRecentlyActiveProfile: name=Profile 1 path=C:\Users\Enoch\source\repos\GameSaveEditor\GameSaveEditor\bin\Debug\net10.0-windows10.0.19041.0\win-x64\GameSaveEditor.exe.WebView2\EBWebView\Default lastActive=2026-09-03T21:47:12.422Z
2026-09-03 22:06:26.865: [INFO] OnDoneLoading sync enabled: 0
2026-09-03 22:06:26.865: [INFO] BookmarkModelLoaded, ids_reassigned: 0
2026-09-03 22:06:26.865: [INFO] BookmarksLoadDropped droppedNodes=0
2026-09-03 22:06:26.865: [INFO] BookmarksSnapshot Startup total=0 bar=0 other=0 mobile=0 showBar=0 showBarNTP=1
2026-09-03 22:07:15.006: [INFO] BookmarksSnapshot Shutdown total=0 bar=0 other=0 mobile=0 showBar=0 showBarNTP=1
2026-09-03 22:08:10.822: [INFO] CurrentProfilePath: C:\Users\Enoch\source\repos\GameSaveEditor\GameSaveEditor\bin\Debug\net10.0-windows10.0.19041.0\win-x64\GameSaveEditor.exe.WebView2\EBWebView\Default
2026-09-03 22:08:10.822: [INFO] Profiles total count: 1
2026-09-03 22:08:10.822: [INFO] Profile: name=Profile 1 path=C:\Users\Enoch\source\repos\GameSaveEditor\GameSaveEditor\bin\Debug\net10.0-windows10.0.19041.0\win-x64\GameSaveEditor.exe.WebView2\EBWebView\Default lastActive=2026-09-03T22:06:27.906Z
2026-09-03 22:08:10.822: [INFO] LastUsedProfileDir: C:\Users\Enoch\source\repos\GameSaveEditor\GameSaveEditor\bin\Debug\net10.0-windows10.0.19041.0\win-x64\GameSaveEditor.exe.WebView2\EBWebView\Default
2026-09-03 22:08:10.822: [INFO] MostRecentlyActiveProfile: name=Profile 1 path=C:\Users\Enoch\source\repos\GameSaveEditor\GameSaveEditor\bin\Debug\net10.0-windows10.0.19041.0\win-x64\GameSaveEditor.exe.WebView2\EBWebView\Default lastActive=2026-09-03T22:06:27.906Z
2026-09-03 22:08:10.822: [INFO] OnDoneLoading sync enabled: 0
2026-09-03 22:08:10.822: [INFO] BookmarkModelLoaded, ids_reassigned: 0
2026-09-03 22:08:10.822: [INFO] BookmarksLoadDropped droppedNodes=0
2026-09-03 22:08:10.822: [INFO] BookmarksSnapshot Startup total=0 bar=0 other=0 mobile=0 showBar=0 showBarNTP=1
2026-09-03 22:09:07.554: [INFO] BookmarksSnapshot Shutdown total=0 bar=0 other=0 mobile=0 showBar=0 showBarNTP=1
2026-09-03 22:11:20.433: [INFO] CurrentProfilePath: C:\Users\Enoch\source\repos\GameSaveEditor\GameSaveEditor\bin\Debug\net10.0-windows10.0.19041.0\win-x64\GameSaveEditor.exe.WebView2\EBWebView\Default
2026-09-03 22:11:20.433: [INFO] Profiles total count: 1
2026-09-03 22:11:20.433: [INFO] Profile: name=Profile 1 path=C:\Users\Enoch\source\repos\GameSaveEditor\GameSaveEditor\bin\Debug\net10.0-windows10.0.19041.0\win-x64\GameSaveEditor.exe.WebView2\EBWebView\Default lastActive=2026-09-03T22:08:53.945Z
2026-09-03 22:11:20.434: [INFO] LastUsedProfileDir: C:\Users\Enoch\source\repos\GameSaveEditor\GameSaveEditor\bin\Debug\net10.0-windows10.0.19041.0\win-x64\GameSaveEditor.exe.WebView2\EBWebView\Default
2026-09-03 22:11:20.434: [INFO] MostRecentlyActiveProfile: name=Profile 1 path=C:\Users\Enoch\source\repos\GameSaveEditor\GameSaveEditor\bin\Debug\net10.0-windows10.0.19041.0\win-x64\GameSaveEditor.exe.WebView2\EBWebView\Default lastActive=2026-09-03T22:08:53.945Z
2026-09-03 22:11:20.434: [INFO] OnDoneLoading sync enabled: 0
2026-09-03 22:11:20.434: [INFO] BookmarkModelLoaded, ids_reassigned: 0
2026-09-03 22:11:20.434: [INFO] BookmarksLoadDropped droppedNodes=0
2026-09-03 22:11:20.434: [INFO] BookmarksSnapshot Startup total=0 bar=0 other=0 mobile=0 showBar=0 showBarNTP=1
2026-09-03 22:12:31.868: [INFO] BookmarksSnapshot Shutdown total=0 bar=0 other=0 mobile=0 showBar=0 showBarNTP=1
2026-09-03 22:15:50.444: [INFO] CurrentProfilePath: C:\Users\Enoch\source\repos\GameSaveEditor\GameSaveEditor\bin\Debug\net10.0-windows10.0.19041.0\win-x64\GameSaveEditor.exe.WebView2\EBWebView\Default
2026-09-03 22:15:50.444: [INFO] Profiles total count: 1
2026-09-03 22:15:50.444: [INFO] Profile: name=Profile 1 path=C:\Users\Enoch\source\repos\GameSaveEditor\GameSaveEditor\bin\Debug\net10.0-windows10.0.19041.0\win-x64\GameSaveEditor.exe.WebView2\EBWebView\Default lastActive=2026-09-03T22:12:29.730Z
2026-09-03 22:15:50.444: [INFO] LastUsedProfileDir: C:\Users\Enoch\source\repos\GameSaveEditor\GameSaveEditor\bin\Debug\net10.0-windows10.0.19041.0\win-x64\GameSaveEditor.exe.WebView2\EBWebView\Default
2026-09-03 22:15:50.444: [INFO] MostRecentlyActiveProfile: name=Profile 1 path=C:\Users\Enoch\source\repos\GameSaveEditor\GameSaveEditor\bin\Debug\net10.0-windows10.0.19041.0\win-x64\GameSaveEditor.exe.WebView2\EBWebView\Default lastActive=2026-09-03T22:12:29.730Z
2026-09-03 22:15:50.444: [INFO] OnDoneLoading sync enabled: 0
2026-09-03 22:15:50.444: [INFO] BookmarkModelLoaded, ids_reassigned: 0
2026-09-03 22:15:50.444: [INFO] BookmarksLoadDropped droppedNodes=0
2026-09-03 22:15:50.444: [INFO] BookmarksSnapshot Startup total=0 bar=0 other=0 mobile=0 showBar=0 showBarNTP=1
2026-09-03 22:16:04.109: [INFO] BookmarksSnapshot Shutdown total=0 bar=0 other=0 mobile=0 showBar=0 showBarNTP=1
2026-09-03 22:16:44.701: [INFO] CurrentProfilePath: C:\Users\Enoch\source\repos\GameSaveEditor\GameSaveEditor\bin\Debug\net10.0-windows10.0.19041.0\win-x64\GameSaveEditor.exe.WebView2\EBWebView\Default
2026-09-03 22:16:44.701: [INFO] Profiles total count: 1
2026-09-03 22:16:44.701: [INFO] Profile: name=Profile 1 path=C:\Users\Enoch\source\repos\GameSaveEditor\GameSaveEditor\bin\Debug\net10.0-windows10.0.19041.0\win-x64\GameSaveEditor.exe.WebView2\EBWebView\Default lastActive=2026-09-03T22:15:56.960Z
2026-09-03 22:16:44.701: [INFO] LastUsedProfileDir: C:\Users\Enoch\source\repos\GameSaveEditor\GameSaveEditor\bin\Debug\net10.0-windows10.0.19041.0\win-x64\GameSaveEditor.exe.WebView2\EBWebView\Default
2026-09-03 22:16:44.701: [INFO] MostRecentlyActiveProfile: name=Profile 1 path=C:\Users\Enoch\source\repos\GameSaveEditor\GameSaveEditor\bin\Debug\net10.0-windows10.0.19041.0\win-x64\GameSaveEditor.exe.WebView2\EBWebView\Default lastActive=2026-09-03T22:15:56.960Z
2026-09-03 22:16:44.701: [INFO] OnDoneLoading sync enabled: 0
2026-09-03 22:16:44.701: [INFO] BookmarkModelLoaded, ids_reassigned: 0
2026-09-03 22:16:44.701: [INFO] BookmarksLoadDropped droppedNodes=0
2026-09-03 22:16:44.701: [INFO] BookmarksSnapshot Startup total=0 bar=0 other=0 mobile=0 showBar=0 showBarNTP=1
2026-09-03 22:18:47.107: [INFO] BookmarksSnapshot Shutdown total=0 bar=0 other=0 mobile=0 showBar=0 showBarNTP=1
2026-09-03 22:18:54.460: [INFO] CurrentProfilePath: C:\Users\Enoch\source\repos\GameSaveEditor\GameSaveEditor\bin\Debug\net10.0-windows10.0.19041.0\win-x64\GameSaveEditor.exe.WebView2\EBWebView\Default
2026-09-03 22:18:54.460: [INFO] Profiles total count: 1
2026-09-03 22:18:54.460: [INFO] Profile: name=Profile 1 path=C:\Users\Enoch\source\repos\GameSaveEditor\GameSaveEditor\bin\Debug\net10.0-windows10.0.19041.0\win-x64\GameSaveEditor.exe.WebView2\EBWebView\Default lastActive=2026-09-03T22:18:28.178Z
2026-09-03 22:18:54.460: [INFO] LastUsedProfileDir: C:\Users\Enoch\source\repos\GameSaveEditor\GameSaveEditor\bin\Debug\net10.0-windows10.0.19041.0\win-x64\GameSaveEditor.exe.WebView2\EBWebView\Default
2026-09-03 22:18:54.460: [INFO] MostRecentlyActiveProfile: name=Profile 1 path=C:\Users\Enoch\source\repos\GameSaveEditor\GameSaveEditor\bin\Debug\net10.0-windows10.0.19041.0\win-x64\GameSaveEditor.exe.WebView2\EBWebView\Default lastActive=2026-09-03T22:18:28.178Z
2026-09-03 22:18:54.460: [INFO] OnDoneLoading sync enabled: 0
2026-09-03 22:18:54.460: [INFO] BookmarkModelLoaded, ids_reassigned: 0
2026-09-03 22:18:54.460: [INFO] BookmarksLoadDropped droppedNodes=0
2026-09-03 22:18:54.460: [INFO] BookmarksSnapshot Startup total=0 bar=0 other=0 mobile=0 showBar=0 showBarNTP=1
2026-09-03 22:19:21.555: [INFO] BookmarksSnapshot Shutdown total=0 bar=0 other=0 mobile=0 showBar=0 showBarNTP=1
2026-09-03 22:19:39.168: [INFO] CurrentProfilePath: C:\Users\Enoch\source\repos\GameSaveEditor\GameSaveEditor\bin\Debug\net10.0-windows10.0.19041.0\win-x64\GameSaveEditor.exe.WebView2\EBWebView\Default
2026-09-03 22:19:39.168: [INFO] Profiles total count: 1
2026-09-03 22:19:39.168: [INFO] Profile: name=Profile 1 path=C:\Users\Enoch\source\repos\GameSaveEditor\GameSaveEditor\bin\Debug\net10.0-windows10.0.19041.0\win-x64\GameSaveEditor.exe.WebView2\EBWebView\Default lastActive=2026-09-03T22:18:55.287Z
2026-09-03 22:19:39.168: [INFO] LastUsedProfileDir: C:\Users\Enoch\source\repos\GameSaveEditor\GameSaveEditor\bin\Debug\net10.0-windows10.0.19041.0\win-x64\GameSaveEditor.exe.WebView2\EBWebView\Default
2026-09-03 22:19:39.168: [INFO] MostRecentlyActiveProfile: name=Profile 1 path=C:\Users\Enoch\source\repos\GameSaveEditor\GameSaveEditor\bin\Debug\net10.0-windows10.0.19041.0\win-x64\GameSaveEditor.exe.WebView2\EBWebView\Default lastActive=2026-09-03T22:18:55.287Z
2026-09-03 22:19:39.168: [INFO] OnDoneLoading sync enabled: 0
2026-09-03 22:19:39.168: [INFO] BookmarkModelLoaded, ids_reassigned: 0
2026-09-03 22:19:39.168: [INFO] BookmarksLoadDropped droppedNodes=0
2026-09-03 22:19:39.168: [INFO] BookmarksSnapshot Startup total=0 bar=0 other=0 mobile=0 showBar=0 showBarNTP=1
2026-09-03 22:19:48.394: [INFO] BookmarksSnapshot Shutdown total=0 bar=0 other=0 mobile=0 showBar=0 showBarNTP=1
2026-09-03 22:23:02.266: [INFO] CurrentProfilePath: C:\Users\Enoch\source\repos\GameSaveEditor\GameSaveEditor\bin\Debug\net10.0-windows10.0.19041.0\win-x64\GameSaveEditor.exe.WebView2\EBWebView\Default
2026-09-03 22:23:02.266: [INFO] Profiles total count: 1
2026-09-03 22:23:02.266: [INFO] Profile: name=Profile 1 path=C:\Users\Enoch\source\repos\GameSaveEditor\GameSaveEditor\bin\Debug\net10.0-windows10.0.19041.0\win-x64\GameSaveEditor.exe.WebView2\EBWebView\Default lastActive=2026-09-03T22:19:40.655Z
2026-09-03 22:23:02.266: [INFO] LastUsedProfileDir: C:\Users\Enoch\source\repos\GameSaveEditor\GameSaveEditor\bin\Debug\net10.0-windows10.0.19041.0\win-x64\GameSaveEditor.exe.WebView2\EBWebView\Default
2026-09-03 22:23:02.266: [INFO] MostRecentlyActiveProfile: name=Profile 1 path=C:\Users\Enoch\source\repos\GameSaveEditor\GameSaveEditor\bin\Debug\net10.0-windows10.0.19041.0\win-x64\GameSaveEditor.exe.WebView2\EBWebView\Default lastActive=2026-09-03T22:19:40.655Z
2026-09-03 22:23:02.266: [INFO] OnDoneLoading sync enabled: 0
2026-09-03 22:23:02.266: [INFO] BookmarkModelLoaded, ids_reassigned: 0
2026-09-03 22:23:02.266: [INFO] BookmarksLoadDropped droppedNodes=0
2026-09-03 22:23:02.266: [INFO] BookmarksSnapshot Startup total=0 bar=0 other=0 mobile=0 showBar=0 showBarNTP=1
2026-09-03 22:23:28.329: [INFO] BookmarksSnapshot Shutdown total=0 bar=0 other=0 mobile=0 showBar=0 showBarNTP=1
2026-09-03 22:31:24.351: [INFO] CurrentProfilePath: C:\Users\Enoch\source\repos\GameSaveEditor\GameSaveEditor\bin\Debug\net10.0-windows10.0.19041.0\win-x64\GameSaveEditor.exe.WebView2\EBWebView\Default
2026-09-03 22:31:24.351: [INFO] Profiles total count: 1
2026-09-03 22:31:24.351: [INFO] Profile: name=Profile 1 path=C:\Users\Enoch\source\repos\GameSaveEditor\GameSaveEditor\bin\Debug\net10.0-windows10.0.19041.0\win-x64\GameSaveEditor.exe.WebView2\EBWebView\Default lastActive=2026-09-03T22:23:03.361Z
2026-09-03 22:31:24.351: [INFO] LastUsedProfileDir: C:\Users\Enoch\source\repos\GameSaveEditor\GameSaveEditor\bin\Debug\net10.0-windows10.0.19041.0\win-x64\GameSaveEditor.exe.WebView2\EBWebView\Default
2026-09-03 22:31:24.351: [INFO] MostRecentlyActiveProfile: name=Profile 1 path=C:\Users\Enoch\source\repos\GameSaveEditor\GameSaveEditor\bin\Debug\net10.0-windows10.0.19041.0\win-x64\GameSaveEditor.exe.WebView2\EBWebView\Default lastActive=2026-09-03T22:23:03.361Z
2026-09-03 22:31:24.351: [INFO] OnDoneLoading sync enabled: 0
2026-09-03 22:31:24.351: [INFO] BookmarkModelLoaded, ids_reassigned: 0
2026-09-03 22:31:24.351: [INFO] BookmarksLoadDropped droppedNodes=0
2026-09-03 22:31:24.351: [INFO] BookmarksSnapshot Startup total=0 bar=0 other=0 mobile=0 showBar=0 showBarNTP=1
2026-09-03 22:31:40.890: [INFO] BookmarksSnapshot Shutdown total=0 bar=0 other=0 mobile=0 showBar=0 showBarNTP=1
2026-09-03 22:33:25.786: [INFO] CurrentProfilePath: C:\Users\Enoch\source\repos\GameSaveEditor\GameSaveEditor\bin\Debug\net10.0-windows10.0.19041.0\win-x64\GameSaveEditor.exe.WebView2\EBWebView\Default
2026-09-03 22:33:25.786: [INFO] Profiles total count: 1
2026-09-03 22:33:25.786: [INFO] Profile: name=Profile 1 path=C:\Users\Enoch\source\repos\GameSaveEditor\GameSaveEditor\bin\Debug\net10.0-windows10.0.19041.0\win-x64\GameSaveEditor.exe.WebView2\EBWebView\Default lastActive=2026-09-03T22:31:26.095Z
2026-09-03 22:33:25.786: [INFO] LastUsedProfileDir: C:\Users\Enoch\source\repos\GameSaveEditor\GameSaveEditor\bin\Debug\net10.0-windows10.0.19041.0\win-x64\GameSaveEditor.exe.WebView2\EBWebView\Default
2026-09-03 22:33:25.786: [INFO] MostRecentlyActiveProfile: name=Profile 1 path=C:\Users\Enoch\source\repos\GameSaveEditor\GameSaveEditor\bin\Debug\net10.0-windows10.0.19041.0\win-x64\GameSaveEditor.exe.WebView2\EBWebView\Default lastActive=2026-09-03T22:31:26.095Z
2026-09-03 22:33:25.786: [INFO] OnDoneLoading sync enabled: 0
2026-09-03 22:33:25.786: [INFO] BookmarkModelLoaded, ids_reassigned: 0
2026-09-03 22:33:25.786: [INFO] BookmarksLoadDropped droppedNodes=0
2026-09-03 22:33:25.786: [INFO] BookmarksSnapshot Startup total=0 bar=0 other=0 mobile=0 showBar=0 showBarNTP=1
2026-09-03 22:33:49.325: [INFO] BookmarksSnapshot Shutdown total=0 bar=0 other=0 mobile=0 showBar=0 showBarNTP=1
2026-09-03 22:34:42.518: [INFO] CurrentProfilePath: C:\Users\Enoch\source\repos\GameSaveEditor\GameSaveEditor\bin\Debug\net10.0-windows10.0.19041.0\win-x64\GameSaveEditor.exe.WebView2\EBWebView\Default
2026-09-03 22:34:42.518: [INFO] Profiles total count: 1
2026-09-03 22:34:42.518: [INFO] Profile: name=Profile 1 path=C:\Users\Enoch\source\repos\GameSaveEditor\GameSaveEditor\bin\Debug\net10.0-windows10.0.19041.0\win-x64\GameSaveEditor.exe.WebView2\EBWebView\Default lastActive=2026-09-03T22:33:26.917Z
2026-09-03 22:34:42.518: [INFO] LastUsedProfileDir: C:\Users\Enoch\source\repos\GameSaveEditor\GameSaveEditor\bin\Debug\net10.0-windows10.0.19041.0\win-x64\GameSaveEditor.exe.WebView2\EBWebView\Default
2026-09-03 22:34:42.518: [INFO] MostRecentlyActiveProfile: name=Profile 1 path=C:\Users\Enoch\source\repos\GameSaveEditor\GameSaveEditor\bin\Debug\net10.0-windows10.0.19041.0\win-x64\GameSaveEditor.exe.WebView2\EBWebView\Default lastActive=2026-09-03T22:33:26.917Z
2026-09-03 22:34:42.518: [INFO] OnDoneLoading sync enabled: 0
2026-09-03 22:34:42.518: [INFO] BookmarkModelLoaded, ids_reassigned: 0
2026-09-03 22:34:42.518: [INFO] BookmarksLoadDropped droppedNodes=0
2026-09-03 22:34:42.518: [INFO] BookmarksSnapshot Startup total=0 bar=0 other=0 mobile=0 showBar=0 showBarNTP=1
2026-09-03 22:35:00.943: [INFO] BookmarksSnapshot Shutdown total=0 bar=0 other=0 mobile=0 showBar=0 showBarNTP=1
2026-09-03 22:37:55.446: [INFO] CurrentProfilePath: C:\Users\Enoch\source\repos\GameSaveEditor\GameSaveEditor\bin\Debug\net10.0-windows10.0.19041.0\win-x64\GameSaveEditor.exe.WebView2\EBWebView\Default
2026-09-03 22:37:55.446: [INFO] Profiles total count: 1
2026-09-03 22:37:55.446: [INFO] Profile: name=Profile 1 path=C:\Users\Enoch\source\repos\GameSaveEditor\GameSaveEditor\bin\Debug\net10.0-windows10.0.19041.0\win-x64\GameSaveEditor.exe.WebView2\EBWebView\Default lastActive=2026-09-03T22:34:43.806Z
2026-09-03 22:37:55.446: [INFO] LastUsedProfileDir: C:\Users\Enoch\source\repos\GameSaveEditor\GameSaveEditor\bin\Debug\net10.0-windows10.0.19041.0\win-x64\GameSaveEditor.exe.WebView2\EBWebView\Default
2026-09-03 22:37:55.446: [INFO] MostRecentlyActiveProfile: name=Profile 1 path=C:\Users\Enoch\source\repos\GameSaveEditor\GameSaveEditor\bin\Debug\net10.0-windows10.0.19041.0\win-x64\GameSaveEditor.exe.WebView2\EBWebView\Default lastActive=2026-09-03T22:34:43.806Z
2026-09-03 22:37:55.446: [INFO] OnDoneLoading sync enabled: 0
2026-09-03 22:37:55.446: [INFO] BookmarkModelLoaded, ids_reassigned: 0
2026-09-03 22:37:55.446: [INFO] BookmarksLoadDropped droppedNodes=0
2026-09-03 22:37:55.446: [INFO] BookmarksSnapshot Startup total=0 bar=0 other=0 mobile=0 showBar=0 showBarNTP=1
2026-09-03 22:39:15.880: [INFO] BookmarksSnapshot Shutdown total=0 bar=0 other=0 mobile=0 showBar=0 showBarNTP=1
2026-09-03 22:42:14.684: [INFO] CurrentProfilePath: C:\Users\Enoch\source\repos\GameSaveEditor\GameSaveEditor\bin\Debug\net10.0-windows10.0.19041.0\win-x64\GameSaveEditor.exe.WebView2\EBWebView\Default
2026-09-03 22:42:14.684: [INFO] Profiles total count: 1
2026-09-03 22:42:14.684: [INFO] Profile: name=Profile 1 path=C:\Users\Enoch\source\repos\GameSaveEditor\GameSaveEditor\bin\Debug\net10.0-windows10.0.19041.0\win-x64\GameSaveEditor.exe.WebView2\EBWebView\Default lastActive=2026-09-03T22:37:56.062Z
2026-09-03 22:42:14.684: [INFO] LastUsedProfileDir: C:\Users\Enoch\source\repos\GameSaveEditor\GameSaveEditor\bin\Debug\net10.0-windows10.0.19041.0\win-x64\GameSaveEditor.exe.WebView2\EBWebView\Default
2026-09-03 22:42:14.684: [INFO] MostRecentlyActiveProfile: name=Profile 1 path=C:\Users\Enoch\source\repos\GameSaveEditor\GameSaveEditor\bin\Debug\net10.0-windows10.0.19041.0\win-x64\GameSaveEditor.exe.WebView2\EBWebView\Default lastActive=2026-09-03T22:37:56.062Z
2026-09-03 22:42:14.684: [INFO] OnDoneLoading sync enabled: 0
2026-09-03 22:42:14.684: [INFO] BookmarkModelLoaded, ids_reassigned: 0
2026-09-03 22:42:14.684: [INFO] BookmarksLoadDropped droppedNodes=0
2026-09-03 22:42:14.684: [INFO] BookmarksSnapshot Startup total=0 bar=0 other=0 mobile=0 showBar=0 showBarNTP=1
2026-09-03 22:42:26.545: [INFO] BookmarksSnapshot Shutdown total=0 bar=0 other=0 mobile=0 showBar=0 showBarNTP=1
2026-09-03 22:46:01.720: [INFO] CurrentProfilePath: C:\Users\Enoch\source\repos\GameSaveEditor\GameSaveEditor\bin\Debug\net10.0-windows10.0.19041.0\win-x64\GameSaveEditor.exe.WebView2\EBWebView\Default
2026-09-03 22:46:01.720: [INFO] Profiles total count: 1
2026-09-03 22:46:01.720: [INFO] Profile: name=Profile 1 path=C:\Users\Enoch\source\repos\GameSaveEditor\GameSaveEditor\bin\Debug\net10.0-windows10.0.19041.0\win-x64\GameSaveEditor.exe.WebView2\EBWebView\Default lastActive=2026-09-03T22:42:17.887Z
2026-09-03 22:46:01.720: [INFO] LastUsedProfileDir: C:\Users\Enoch\source\repos\GameSaveEditor\GameSaveEditor\bin\Debug\net10.0-windows10.0.19041.0\win-x64\GameSaveEditor.exe.WebView2\EBWebView\Default
2026-09-03 22:46:01.720: [INFO] MostRecentlyActiveProfile: name=Profile 1 path=C:\Users\Enoch\source\repos\GameSaveEditor\GameSaveEditor\bin\Debug\net10.0-windows10.0.19041.0\win-x64\GameSaveEditor.exe.WebView2\EBWebView\Default lastActive=2026-09-03T22:42:17.887Z
2026-09-03 22:46:01.720: [INFO] OnDoneLoading sync enabled: 0
2026-09-03 22:46:01.720: [INFO] BookmarkModelLoaded, ids_reassigned: 0
2026-09-03 22:46:01.720: [INFO] BookmarksLoadDropped droppedNodes=0
2026-09-03 22:46:01.720: [INFO] BookmarksSnapshot Startup total=0 bar=0 other=0 mobile=0 showBar=0 showBarNTP=1
2026-09-03 22:49:27.659: [INFO] BookmarksSnapshot Shutdown total=0 bar=0 other=0 mobile=0 showBar=0 showBarNTP=1
2026-09-03 23:06:10.196: [INFO] CurrentProfilePath: C:\Users\Enoch\source\repos\GameSaveEditor\GameSaveEditor\bin\Debug\net10.0-windows10.0.19041.0\win-x64\GameSaveEditor.exe.WebView2\EBWebView\Default
2026-09-03 23:06:10.196: [INFO] Profiles total count: 1
2026-09-03 23:06:10.196: [INFO] Profile: name=Profile 1 path=C:\Users\Enoch\source\repos\GameSaveEditor\GameSaveEditor\bin\Debug\net10.0-windows10.0.19041.0\win-x64\GameSaveEditor.exe.WebView2\EBWebView\Default lastActive=2026-09-03T22:49:25.957Z
2026-09-03 23:06:10.196: [INFO] LastUsedProfileDir: C:\Users\Enoch\source\repos\GameSaveEditor\GameSaveEditor\bin\Debug\net10.0-windows10.0.19041.0\win-x64\GameSaveEditor.exe.WebView2\EBWebView\Default
2026-09-03 23:06:10.196: [INFO] MostRecentlyActiveProfile: name=Profile 1 path=C:\Users\Enoch\source\repos\GameSaveEditor\GameSaveEditor\bin\Debug\net10.0-windows10.0.19041.0\win-x64\GameSaveEditor.exe.WebView2\EBWebView\Default lastActive=2026-09-03T22:49:25.957Z
2026-09-03 23:06:10.196: [INFO] OnDoneLoading sync enabled: 0
2026-09-03 23:06:10.196: [INFO] BookmarkModelLoaded, ids_reassigned: 0
2026-09-03 23:06:10.196: [INFO] BookmarksLoadDropped droppedNodes=0
2026-09-03 23:06:10.196: [INFO] BookmarksSnapshot Startup total=0 bar=0 other=0 mobile=0 showBar=0 showBarNTP=1
2026-09-03 23:06:21.847: [INFO] BookmarksSnapshot Shutdown total=0 bar=0 other=0 mobile=0 showBar=0 showBarNTP=1
2026-09-03 23:06:44.919: [INFO] CurrentProfilePath: C:\Users\Enoch\source\repos\GameSaveEditor\GameSaveEditor\bin\Debug\net10.0-windows10.0.19041.0\win-x64\GameSaveEditor.exe.WebView2\EBWebView\Default
2026-09-03 23:06:44.919: [INFO] Profiles total count: 1
2026-09-03 23:06:44.919: [INFO] Profile: name=Profile 1 path=C:\Users\Enoch\source\repos\GameSaveEditor\GameSaveEditor\bin\Debug\net10.0-windows10.0.19041.0\win-x64\GameSaveEditor.exe.WebView2\EBWebView\Default lastActive=2026-09-03T23:06:10.968Z
2026-09-03 23:06:44.919: [INFO] LastUsedProfileDir: C:\Users\Enoch\source\repos\GameSaveEditor\GameSaveEditor\bin\Debug\net10.0-windows10.0.19041.0\win-x64\GameSaveEditor.exe.WebView2\EBWebView\Default
2026-09-03 23:06:44.919: [INFO] MostRecentlyActiveProfile: name=Profile 1 path=C:\Users\Enoch\source\repos\GameSaveEditor\GameSaveEditor\bin\Debug\net10.0-windows10.0.19041.0\win-x64\GameSaveEditor.exe.WebView2\EBWebView\Default lastActive=2026-09-03T23:06:10.968Z
2026-09-03 23:06:44.919: [INFO] OnDoneLoading sync enabled: 0
2026-09-03 23:06:44.919: [INFO] BookmarkModelLoaded, ids_reassigned: 0
2026-09-03 23:06:44.919: [INFO] BookmarksLoadDropped droppedNodes=0
2026-09-03 23:06:44.919: [INFO] BookmarksSnapshot Startup total=0 bar=0 other=0 mobile=0 showBar=0 showBarNTP=1
2026-09-03 23:06:56.148: [INFO] BookmarksSnapshot Shutdown total=0 bar=0 other=0 mobile=0 showBar=0 showBarNTP=1
2026-09-03 23:09:03.683: [INFO] CurrentProfilePath: C:\Users\Enoch\source\repos\GameSaveEditor\GameSaveEditor\bin\Debug\net10.0-windows10.0.19041.0\win-x64\GameSaveEditor.exe.WebView2\EBWebView\Default
2026-09-03 23:09:03.683: [INFO] Profiles total count: 1
2026-09-03 23:09:03.683: [INFO] Profile: name=Profile 1 path=C:\Users\Enoch\source\repos\GameSaveEditor\GameSaveEditor\bin\Debug\net10.0-windows10.0.19041.0\win-x64\GameSaveEditor.exe.WebView2\EBWebView\Default lastActive=2026-09-03T23:06:45.360Z
2026-09-03 23:09:03.683: [INFO] LastUsedProfileDir: C:\Users\Enoch\source\repos\GameSaveEditor\GameSaveEditor\bin\Debug\net10.0-windows10.0.19041.0\win-x64\GameSaveEditor.exe.WebView2\EBWebView\Default
2026-09-03 23:09:03.683: [INFO] MostRecentlyActiveProfile: name=Profile 1 path=C:\Users\Enoch\source\repos\GameSaveEditor\GameSaveEditor\bin\Debug\net10.0-windows10.0.19041.0\win-x64\GameSaveEditor.exe.WebView2\EBWebView\Default lastActive=2026-09-03T23:06:45.360Z
2026-09-03 23:09:03.683: [INFO] OnDoneLoading sync enabled: 0
2026-09-03 23:09:03.683: [INFO] BookmarkModelLoaded, ids_reassigned: 0
2026-09-03 23:09:03.683: [INFO] BookmarksLoadDropped droppedNodes=0
2026-09-03 23:09:03.683: [INFO] BookmarksSnapshot Startup total=0 bar=0 other=0 mobile=0 showBar=0 showBarNTP=1
2026-09-03 23:09:39.207: [INFO] BookmarksSnapshot Shutdown total=0 bar=0 other=0 mobile=0 showBar=0 showBarNTP=1
2026-09-04 10:39:16.039: [INFO] CurrentProfilePath: C:\Users\Enoch\source\repos\GameSaveEditor\GameSaveEditor\bin\Debug\net10.0-windows10.0.19041.0\win-x64\GameSaveEditor.exe.WebView2\EBWebView\Default
2026-09-04 10:39:16.039: [INFO] Profiles total count: 1
2026-09-04 10:39:16.039: [INFO] Profile: name=Profile 1 path=C:\Users\Enoch\source\repos\GameSaveEditor\GameSaveEditor\bin\Debug\net10.0-windows10.0.19041.0\win-x64\GameSaveEditor.exe.WebView2\EBWebView\Default lastActive=2026-09-03T23:09:04.332Z
2026-09-04 10:39:16.039: [INFO] LastUsedProfileDir: C:\Users\Enoch\source\repos\GameSaveEditor\GameSaveEditor\bin\Debug\net10.0-windows10.0.19041.0\win-x64\GameSaveEditor.exe.WebView2\EBWebView\Default
2026-09-04 10:39:16.039: [INFO] MostRecentlyActiveProfile: name=Profile 1 path=C:\Users\Enoch\source\repos\GameSaveEditor\GameSaveEditor\bin\Debug\net10.0-windows10.0.19041.0\win-x64\GameSaveEditor.exe.WebView2\EBWebView\Default lastActive=2026-09-03T23:09:04.332Z
2026-09-04 10:39:16.039: [INFO] OnDoneLoading sync enabled: 0
2026-09-04 10:39:16.039: [INFO] BookmarkModelLoaded, ids_reassigned: 0
2026-09-04 10:39:16.039: [INFO] BookmarksLoadDropped droppedNodes=0
2026-09-04 10:39:16.039: [INFO] BookmarksSnapshot Startup total=0 bar=0 other=0 mobile=0 showBar=0 showBarNTP=1
2026-09-04 10:39:28.464: [INFO] BookmarksSnapshot Shutdown total=0 bar=0 other=0 mobile=0 showBar=0 showBarNTP=1
2026-09-04 12:19:52.152: [INFO] CurrentProfilePath: C:\Users\Enoch\source\repos\GameSaveEditor\GameSaveEditor\bin\Debug\net10.0-windows10.0.19041.0\win-x64\GameSaveEditor.exe.WebView2\EBWebView\Default
2026-09-04 12:19:52.152: [INFO] Profiles total count: 1
2026-09-04 12:19:52.152: [INFO] Profile: name=Profile 1 path=C:\Users\Enoch\source\repos\GameSaveEditor\GameSaveEditor\bin\Debug\net10.0-windows10.0.19041.0\win-x64\GameSaveEditor.exe.WebView2\EBWebView\Default lastActive=2026-09-04T10:39:16.851Z
2026-09-04 12:19:52.152: [INFO] LastUsedProfileDir: C:\Users\Enoch\source\repos\GameSaveEditor\GameSaveEditor\bin\Debug\net10.0-windows10.0.19041.0\win-x64\GameSaveEditor.exe.WebView2\EBWebView\Default
2026-09-04 12:19:52.152: [INFO] MostRecentlyActiveProfile: name=Profile 1 path=C:\Users\Enoch\source\repos\GameSaveEditor\GameSaveEditor\bin\Debug\net10.0-windows10.0.19041.0\win-x64\GameSaveEditor.exe.WebView2\EBWebView\Default lastActive=2026-09-04T10:39:16.851Z
2026-09-04 12:19:52.152: [INFO] OnDoneLoading sync enabled: 0
2026-09-04 12:19:52.152: [INFO] BookmarkModelLoaded, ids_reassigned: 0
2026-09-04 12:19:52.152: [INFO] BookmarksLoadDropped droppedNodes=0
2026-09-04 12:19:52.152: [INFO] BookmarksSnapshot Startup total=0 bar=0 other=0 mobile=0 showBar=0 showBarNTP=1
2026-09-04 12:20:34.000: [INFO] BookmarksSnapshot Shutdown total=0 bar=0 other=0 mobile=0 showBar=0 showBarNTP=1
2026-09-04 12:21:40.849: [INFO] CurrentProfilePath: C:\Users\Enoch\source\repos\GameSaveEditor\GameSaveEditor\bin\Debug\net10.0-windows10.0.19041.0\win-x64\GameSaveEditor.exe.WebView2\EBWebView\Default
2026-09-04 12:21:40.849: [INFO] Profiles total count: 1
2026-09-04 12:21:40.849: [INFO] Profile: name=Profile 1 path=C:\Users\Enoch\source\repos\GameSaveEditor\GameSaveEditor\bin\Debug\net10.0-windows10.0.19041.0\win-x64\GameSaveEditor.exe.WebView2\EBWebView\Default lastActive=2026-09-04T12:20:28.669Z
2026-09-04 12:21:40.849: [INFO] LastUsedProfileDir: C:\Users\Enoch\source\repos\GameSaveEditor\GameSaveEditor\bin\Debug\net10.0-windows10.0.19041.0\win-x64\GameSaveEditor.exe.WebView2\EBWebView\Default
2026-09-04 12:21:40.849: [INFO] MostRecentlyActiveProfile: name=Profile 1 path=C:\Users\Enoch\source\repos\GameSaveEditor\GameSaveEditor\bin\Debug\net10.0-windows10.0.19041.0\win-x64\GameSaveEditor.exe.WebView2\EBWebView\Default lastActive=2026-09-04T12:20:28.669Z
2026-09-04 12:21:40.849: [INFO] OnDoneLoading sync enabled: 0
2026-09-04 12:21:40.849: [INFO] BookmarkModelLoaded, ids_reassigned: 0
2026-09-04 12:21:40.849: [INFO] BookmarksLoadDropped droppedNodes=0
2026-09-04 12:21:40.849: [INFO] BookmarksSnapshot Startup total=0 bar=0 other=0 mobile=0 showBar=0 showBarNTP=1
2026-09-04 12:24:10.135: [INFO] BookmarksSnapshot Shutdown total=0 bar=0 other=0 mobile=0 showBar=0 showBarNTP=1
2026-09-04 12:24:24.865: [INFO] CurrentProfilePath: C:\Users\Enoch\source\repos\GameSaveEditor\GameSaveEditor\bin\Debug\net10.0-windows10.0.19041.0\win-x64\GameSaveEditor.exe.WebView2\EBWebView\Default
2026-09-04 12:24:24.865: [INFO] Profiles total count: 1
2026-09-04 12:24:24.865: [INFO] Profile: name=Profile 1 path=C:\Users\Enoch\source\repos\GameSaveEditor\GameSaveEditor\bin\Debug\net10.0-windows10.0.19041.0\win-x64\GameSaveEditor.exe.WebView2\EBWebView\Default lastActive=2026-09-04T12:24:02.267Z
2026-09-04 12:24:24.865: [INFO] LastUsedProfileDir: C:\Users\Enoch\source\repos\GameSaveEditor\GameSaveEditor\bin\Debug\net10.0-windows10.0.19041.0\win-x64\GameSaveEditor.exe.WebView2\EBWebView\Default
2026-09-04 12:24:24.865: [INFO] MostRecentlyActiveProfile: name=Profile 1 path=C:\Users\Enoch\source\repos\GameSaveEditor\GameSaveEditor\bin\Debug\net10.0-windows10.0.19041.0\win-x64\GameSaveEditor.exe.WebView2\EBWebView\Default lastActive=2026-09-04T12:24:02.267Z
2026-09-04 12:24:24.865: [INFO] OnDoneLoading sync enabled: 0
2026-09-04 12:24:24.865: [INFO] BookmarkModelLoaded, ids_reassigned: 0
2026-09-04 12:24:24.865: [INFO] BookmarksLoadDropped droppedNodes=0
2026-09-04 12:24:24.865: [INFO] BookmarksSnapshot Startup total=0 bar=0 other=0 mobile=0 showBar=0 showBarNTP=1
2026-09-04 12:25:51.147: [INFO] BookmarksSnapshot Shutdown total=0 bar=0 other=0 mobile=0 showBar=0 showBarNTP=1
2026-09-04 12:46:10.269: [INFO] CurrentProfilePath: C:\Users\Enoch\source\repos\GameSaveEditor\GameSaveEditor\bin\Debug\net10.0-windows10.0.19041.0\win-x64\GameSaveEditor.exe.WebView2\EBWebView\Default
2026-09-04 12:46:10.269: [INFO] Profiles total count: 1
2026-09-04 12:46:10.269: [INFO] Profile: name=Profile 1 path=C:\Users\Enoch\source\repos\GameSaveEditor\GameSaveEditor\bin\Debug\net10.0-windows10.0.19041.0\win-x64\GameSaveEditor.exe.WebView2\EBWebView\Default lastActive=2026-09-04T12:25:33.924Z
2026-09-04 12:46:10.269: [INFO] LastUsedProfileDir: C:\Users\Enoch\source\repos\GameSaveEditor\GameSaveEditor\bin\Debug\net10.0-windows10.0.19041.0\win-x64\GameSaveEditor.exe.WebView2\EBWebView\Default
2026-09-04 12:46:10.269: [INFO] MostRecentlyActiveProfile: name=Profile 1 path=C:\Users\Enoch\source\repos\GameSaveEditor\GameSaveEditor\bin\Debug\net10.0-windows10.0.19041.0\win-x64\GameSaveEditor.exe.WebView2\EBWebView\Default lastActive=2026-09-04T12:25:33.924Z
2026-09-04 12:46:10.269: [INFO] OnDoneLoading sync enabled: 0
2026-09-04 12:46:10.269: [INFO] BookmarkModelLoaded, ids_reassigned: 0
2026-09-04 12:46:10.269: [INFO] BookmarksLoadDropped droppedNodes=0
2026-09-04 12:46:10.269: [INFO] BookmarksSnapshot Startup total=0 bar=0 other=0 mobile=0 showBar=0 showBarNTP=1
2026-09-04 13:01:25.364: [INFO] BookmarksSnapshot Shutdown total=0 bar=0 other=0 mobile=0 showBar=0 showBarNTP=1
2026-09-04 13:05:09.885: [INFO] CurrentProfilePath: C:\Users\Enoch\source\repos\GameSaveEditor\GameSaveEditor\bin\Debug\net10.0-windows10.0.19041.0\win-x64\GameSaveEditor.exe.WebView2\EBWebView\Default
2026-09-04 13:05:09.885: [INFO] Profiles total count: 1
2026-09-04 13:05:09.885: [INFO] Profile: name=Profile 1 path=C:\Users\Enoch\source\repos\GameSaveEditor\GameSaveEditor\bin\Debug\net10.0-windows10.0.19041.0\win-x64\GameSaveEditor.exe.WebView2\EBWebView\Default lastActive=2026-09-04T13:00:02.955Z
2026-09-04 13:05:09.885: [INFO] LastUsedProfileDir: C:\Users\Enoch\source\repos\GameSaveEditor\GameSaveEditor\bin\Debug\net10.0-windows10.0.19041.0\win-x64\GameSaveEditor.exe.WebView2\EBWebView\Default
2026-09-04 13:05:09.885: [INFO] MostRecentlyActiveProfile: name=Profile 1 path=C:\Users\Enoch\source\repos\GameSaveEditor\GameSaveEditor\bin\Debug\net10.0-windows10.0.19041.0\win-x64\GameSaveEditor.exe.WebView2\EBWebView\Default lastActive=2026-09-04T13:00:02.955Z
2026-09-04 13:05:09.885: [INFO] OnDoneLoading sync enabled: 0
2026-09-04 13:05:09.885: [INFO] BookmarkModelLoaded, ids_reassigned: 0
2026-09-04 13:05:09.885: [INFO] BookmarksLoadDropped droppedNodes=0
2026-09-04 13:05:09.885: [INFO] BookmarksSnapshot Startup total=0 bar=0 other=0 mobile=0 showBar=0 showBarNTP=1
2026-09-04 13:05:39.106: [INFO] BookmarksSnapshot Shutdown total=0 bar=0 other=0 mobile=0 showBar=0 showBarNTP=1
2026-09-04 15:28:56.685: [INFO] CurrentProfilePath: C:\Users\Enoch\source\repos\GameSaveEditor\GameSaveEditor\bin\Debug\net10.0-windows10.0.19041.0\win-x64\GameSaveEditor.exe.WebView2\EBWebView\Default
2026-09-04 15:28:56.685: [INFO] Profiles total count: 1
2026-09-04 15:28:56.685: [INFO] Profile: name=Profile 1 path=C:\Users\Enoch\source\repos\GameSaveEditor\GameSaveEditor\bin\Debug\net10.0-windows10.0.19041.0\win-x64\GameSaveEditor.exe.WebView2\EBWebView\Default lastActive=2026-09-04T13:05:10.556Z
2026-09-04 15:28:56.685: [INFO] LastUsedProfileDir: C:\Users\Enoch\source\repos\GameSaveEditor\GameSaveEditor\bin\Debug\net10.0-windows10.0.19041.0\win-x64\GameSaveEditor.exe.WebView2\EBWebView\Default
2026-09-04 15:28:56.685: [INFO] MostRecentlyActiveProfile: name=Profile 1 path=C:\Users\Enoch\source\repos\GameSaveEditor\GameSaveEditor\bin\Debug\net10.0-windows10.0.19041.0\win-x64\GameSaveEditor.exe.WebView2\EBWebView\Default lastActive=2026-09-04T13:05:10.556Z
2026-09-04 15:28:56.685: [INFO] OnDoneLoading sync enabled: 0
2026-09-04 15:28:56.685: [INFO] BookmarkModelLoaded, ids_reassigned: 0
2026-09-04 15:28:56.685: [INFO] BookmarksLoadDropped droppedNodes=0
2026-09-04 15:28:56.685: [INFO] BookmarksSnapshot Startup total=0 bar=0 other=0 mobile=0 showBar=0 showBarNTP=1
2026-09-04 15:29:19.005: [INFO] BookmarksSnapshot Shutdown total=0 bar=0 other=0 mobile=0 showBar=0 showBarNTP=1
2026-09-04 15:29:28.919: [INFO] CurrentProfilePath: C:\Users\Enoch\source\repos\GameSaveEditor\GameSaveEditor\bin\Debug\net10.0-windows10.0.19041.0\win-x64\GameSaveEditor.exe.WebView2\EBWebView\Default
2026-09-04 15:29:28.919: [INFO] Profiles total count: 1
2026-09-04 15:29:28.919: [INFO] Profile: name=Profile 1 path=C:\Users\Enoch\source\repos\GameSaveEditor\GameSaveEditor\bin\Debug\net10.0-windows10.0.19041.0\win-x64\GameSaveEditor.exe.WebView2\EBWebView\Default lastActive=2026-09-04T15:28:57.332Z
2026-09-04 15:29:28.919: [INFO] LastUsedProfileDir: C:\Users\Enoch\source\repos\GameSaveEditor\GameSaveEditor\bin\Debug\net10.0-windows10.0.19041.0\win-x64\GameSaveEditor.exe.WebView2\EBWebView\Default
2026-09-04 15:29:28.919: [INFO] MostRecentlyActiveProfile: name=Profile 1 path=C:\Users\Enoch\source\repos\GameSaveEditor\GameSaveEditor\bin\Debug\net10.0-windows10.0.19041.0\win-x64\GameSaveEditor.exe.WebView2\EBWebView\Default lastActive=2026-09-04T15:28:57.332Z
2026-09-04 15:29:28.919: [INFO] OnDoneLoading sync enabled: 0
2026-09-04 15:29:28.919: [INFO] BookmarkModelLoaded, ids_reassigned: 0
2026-09-04 15:29:28.919: [INFO] BookmarksLoadDropped droppedNodes=0
2026-09-04 15:29:28.919: [INFO] BookmarksSnapshot Startup total=0 bar=0 other=0 mobile=0 showBar=0 showBarNTP=1
2026-09-04 15:32:51.128: [INFO] BookmarksSnapshot Shutdown total=0 bar=0 other=0 mobile=0 showBar=0 showBarNTP=1
2026-09-04 15:36:22.336: [INFO] CurrentProfilePath: C:\Users\Enoch\source\repos\GameSaveEditor\GameSaveEditor\bin\Debug\net10.0-windows10.0.19041.0\win-x64\GameSaveEditor.exe.WebView2\EBWebView\Default
2026-09-04 15:36:22.336: [INFO] Profiles total count: 1
2026-09-04 15:36:22.336: [INFO] Profile: name=Profile 1 path=C:\Users\Enoch\source\repos\GameSaveEditor\GameSaveEditor\bin\Debug\net10.0-windows10.0.19041.0\win-x64\GameSaveEditor.exe.WebView2\EBWebView\Default lastActive=2026-09-04T15:30:40.089Z
2026-09-04 15:36:22.336: [INFO] LastUsedProfileDir: C:\Users\Enoch\source\repos\GameSaveEditor\GameSaveEditor\bin\Debug\net10.0-windows10.0.19041.0\win-x64\GameSaveEditor.exe.WebView2\EBWebView\Default
2026-09-04 15:36:22.336: [INFO] MostRecentlyActiveProfile: name=Profile 1 path=C:\Users\Enoch\source\repos\GameSaveEditor\GameSaveEditor\bin\Debug\net10.0-windows10.0.19041.0\win-x64\GameSaveEditor.exe.WebView2\EBWebView\Default lastActive=2026-09-04T15:30:40.089Z
2026-09-04 15:36:22.336: [INFO] OnDoneLoading sync enabled: 0
2026-09-04 15:36:22.336: [INFO] BookmarkModelLoaded, ids_reassigned: 0
2026-09-04 15:36:22.336: [INFO] BookmarksLoadDropped droppedNodes=0
2026-09-04 15:36:22.336: [INFO] BookmarksSnapshot Startup total=0 bar=0 other=0 mobile=0 showBar=0 showBarNTP=1
2026-09-04 15:41:04.774: [INFO] BookmarksSnapshot Shutdown total=0 bar=0 other=0 mobile=0 showBar=0 showBarNTP=1
2026-09-04 15:41:54.142: [INFO] CurrentProfilePath: C:\Users\Enoch\source\repos\GameSaveEditor\GameSaveEditor\bin\Debug\net10.0-windows10.0.19041.0\win-x64\GameSaveEditor.exe.WebView2\EBWebView\Default
2026-09-04 15:41:54.142: [INFO] Profiles total count: 1
2026-09-04 15:41:54.142: [INFO] Profile: name=Profile 1 path=C:\Users\Enoch\source\repos\GameSaveEditor\GameSaveEditor\bin\Debug\net10.0-windows10.0.19041.0\win-x64\GameSaveEditor.exe.WebView2\EBWebView\Default lastActive=2026-09-04T15:40:49.214Z
2026-09-04 15:41:54.142: [INFO] LastUsedProfileDir: C:\Users\Enoch\source\repos\GameSaveEditor\GameSaveEditor\bin\Debug\net10.0-windows10.0.19041.0\win-x64\GameSaveEditor.exe.WebView2\EBWebView\Default
2026-09-04 15:41:54.142: [INFO] MostRecentlyActiveProfile: name=Profile 1 path=C:\Users\Enoch\source\repos\GameSaveEditor\GameSaveEditor\bin\Debug\net10.0-windows10.0.19041.0\win-x64\GameSaveEditor.exe.WebView2\EBWebView\Default lastActive=2026-09-04T15:40:49.214Z
2026-09-04 15:41:54.142: [INFO] OnDoneLoading sync enabled: 0
2026-09-04 15:41:54.142: [INFO] BookmarkModelLoaded, ids_reassigned: 0
2026-09-04 15:41:54.142: [INFO] BookmarksLoadDropped droppedNodes=0
2026-09-04 15:41:54.142: [INFO] BookmarksSnapshot Startup total=0 bar=0 other=0 mobile=0 showBar=0 showBarNTP=1
2026-09-04 15:42:06.969: [INFO] BookmarksSnapshot Shutdown total=0 bar=0 other=0 mobile=0 showBar=0 showBarNTP=1
2026-09-04 15:45:57.515: [INFO] CurrentProfilePath: C:\Users\Enoch\source\repos\GameSaveEditor\GameSaveEditor\bin\Debug\net10.0-windows10.0.19041.0\win-x64\GameSaveEditor.exe.WebView2\EBWebView\Default
2026-09-04 15:45:57.515: [INFO] Profiles total count: 1
2026-09-04 15:45:57.515: [INFO] Profile: name=Profile 1 path=C:\Users\Enoch\source\repos\GameSaveEditor\GameSaveEditor\bin\Debug\net10.0-windows10.0.19041.0\win-x64\GameSaveEditor.exe.WebView2\EBWebView\Default lastActive=2026-09-04T15:41:54.779Z
2026-09-04 15:45:57.515: [INFO] LastUsedProfileDir: C:\Users\Enoch\source\repos\GameSaveEditor\GameSaveEditor\bin\Debug\net10.0-windows10.0.19041.0\win-x64\GameSaveEditor.exe.WebView2\EBWebView\Default
2026-09-04 15:45:57.515: [INFO] MostRecentlyActiveProfile: name=Profile 1 path=C:\Users\Enoch\source\repos\GameSaveEditor\GameSaveEditor\bin\Debug\net10.0-windows10.0.19041.0\win-x64\GameSaveEditor.exe.WebView2\EBWebView\Default lastActive=2026-09-04T15:41:54.779Z
2026-09-04 15:45:57.515: [INFO] OnDoneLoading sync enabled: 0
2026-09-04 15:45:57.515: [INFO] BookmarkModelLoaded, ids_reassigned: 0
2026-09-04 15:45:57.515: [INFO] BookmarksLoadDropped droppedNodes=0
2026-09-04 15:45:57.515: [INFO] BookmarksSnapshot Startup total=0 bar=0 other=0 mobile=0 showBar=0 showBarNTP=1
2026-09-04 15:46:22.968: [INFO] BookmarksSnapshot Shutdown total=0 bar=0 other=0 mobile=0 showBar=0 showBarNTP=1
2026-09-04 15:51:03.447: [INFO] CurrentProfilePath: C:\Users\Enoch\source\repos\GameSaveEditor\GameSaveEditor\bin\Debug\net10.0-windows10.0.19041.0\win-x64\GameSaveEditor.exe.WebView2\EBWebView\Default
2026-09-04 15:51:03.447: [INFO] Profiles total count: 1
2026-09-04 15:51:03.447: [INFO] Profile: name=Profile 1 path=C:\Users\Enoch\source\repos\GameSaveEditor\GameSaveEditor\bin\Debug\net10.0-windows10.0.19041.0\win-x64\GameSaveEditor.exe.WebView2\EBWebView\Default lastActive=2026-09-04T15:45:58.200Z
2026-09-04 15:51:03.447: [INFO] LastUsedProfileDir: C:\Users\Enoch\source\repos\GameSaveEditor\GameSaveEditor\bin\Debug\net10.0-windows10.0.19041.0\win-x64\GameSaveEditor.exe.WebView2\EBWebView\Default
2026-09-04 15:51:03.447: [INFO] MostRecentlyActiveProfile: name=Profile 1 path=C:\Users\Enoch\source\repos\GameSaveEditor\GameSaveEditor\bin\Debug\net10.0-windows10.0.19041.0\win-x64\GameSaveEditor.exe.WebView2\EBWebView\Default lastActive=2026-09-04T15:45:58.200Z
2026-09-04 15:51:03.447: [INFO] OnDoneLoading sync enabled: 0
2026-09-04 15:51:03.447: [INFO] BookmarkModelLoaded, ids_reassigned: 0
2026-09-04 15:51:03.447: [INFO] BookmarksLoadDropped droppedNodes=0
2026-09-04 15:51:03.447: [INFO] BookmarksSnapshot Startup total=0 bar=0 other=0 mobile=0 showBar=0 showBarNTP=1
2026-09-04 15:51:09.503: [INFO] BookmarksSnapshot Shutdown total=0 bar=0 other=0 mobile=0 showBar=0 showBarNTP=1
2026-09-04 15:54:13.607: [INFO] CurrentProfilePath: C:\Users\Enoch\source\repos\GameSaveEditor\GameSaveEditor\bin\Debug\net10.0-windows10.0.19041.0\win-x64\GameSaveEditor.exe.WebView2\EBWebView\Default
2026-09-04 15:54:13.607: [INFO] Profiles total count: 1
2026-09-04 15:54:13.607: [INFO] Profile: name=Profile 1 path=C:\Users\Enoch\source\repos\GameSaveEditor\GameSaveEditor\bin\Debug\net10.0-windows10.0.19041.0\win-x64\GameSaveEditor.exe.WebView2\EBWebView\Default lastActive=2026-09-04T15:51:04.509Z
2026-09-04 15:54:13.607: [INFO] LastUsedProfileDir: C:\Users\Enoch\source\repos\GameSaveEditor\GameSaveEditor\bin\Debug\net10.0-windows10.0.19041.0\win-x64\GameSaveEditor.exe.WebView2\EBWebView\Default
2026-09-04 15:54:13.607: [INFO] MostRecentlyActiveProfile: name=Profile 1 path=C:\Users\Enoch\source\repos\GameSaveEditor\GameSaveEditor\bin\Debug\net10.0-windows10.0.19041.0\win-x64\GameSaveEditor.exe.WebView2\EBWebView\Default lastActive=2026-09-04T15:51:04.509Z
2026-09-04 15:54:13.607: [INFO] OnDoneLoading sync enabled: 0
2026-09-04 15:54:13.607: [INFO] BookmarkModelLoaded, ids_reassigned: 0
2026-09-04 15:54:13.607: [INFO] BookmarksLoadDropped droppedNodes=0
2026-09-04 15:54:13.607: [INFO] BookmarksSnapshot Startup total=0 bar=0 other=0 mobile=0 showBar=0 showBarNTP=1
2026-09-04 15:56:29.539: [INFO] BookmarksSnapshot Shutdown total=0 bar=0 other=0 mobile=0 showBar=0 showBarNTP=1
2026-09-04 15:57:05.450: [INFO] CurrentProfilePath: C:\Users\Enoch\source\repos\GameSaveEditor\GameSaveEditor\bin\Debug\net10.0-windows10.0.19041.0\win-x64\GameSaveEditor.exe.WebView2\EBWebView\Default
2026-09-04 15:57:05.450: [INFO] Profiles total count: 1
2026-09-04 15:57:05.450: [INFO] Profile: name=Profile 1 path=C:\Users\Enoch\source\repos\GameSaveEditor\GameSaveEditor\bin\Debug\net10.0-windows10.0.19041.0\win-x64\GameSaveEditor.exe.WebView2\EBWebView\Default lastActive=2026-09-04T15:54:14.182Z
2026-09-04 15:57:05.450: [INFO] LastUsedProfileDir: C:\Users\Enoch\source\repos\GameSaveEditor\GameSaveEditor\bin\Debug\net10.0-windows10.0.19041.0\win-x64\GameSaveEditor.exe.WebView2\EBWebView\Default
2026-09-04 15:57:05.450: [INFO] MostRecentlyActiveProfile: name=Profile 1 path=C:\Users\Enoch\source\repos\GameSaveEditor\GameSaveEditor\bin\Debug\net10.0-windows10.0.19041.0\win-x64\GameSaveEditor.exe.WebView2\EBWebView\Default lastActive=2026-09-04T15:54:14.182Z
2026-09-04 15:57:05.450: [INFO] OnDoneLoading sync enabled: 0
2026-09-04 15:57:05.450: [INFO] BookmarkModelLoaded, ids_reassigned: 0
2026-09-04 15:57:05.450: [INFO] BookmarksLoadDropped droppedNodes=0
2026-09-04 15:57:05.450: [INFO] BookmarksSnapshot Startup total=0 bar=0 other=0 mobile=0 showBar=0 showBarNTP=1
2026-09-04 15:57:10.266: [INFO] BookmarksSnapshot Shutdown total=0 bar=0 other=0 mobile=0 showBar=0 showBarNTP=1
2026-09-04 15:58:19.106: [INFO] CurrentProfilePath: C:\Users\Enoch\source\repos\GameSaveEditor\GameSaveEditor\bin\Debug\net10.0-windows10.0.19041.0\win-x64\GameSaveEditor.exe.WebView2\EBWebView\Default
2026-09-04 15:58:19.106: [INFO] Profiles total count: 1
2026-09-04 15:58:19.106: [INFO] Profile: name=Profile 1 path=C:\Users\Enoch\source\repos\GameSaveEditor\GameSaveEditor\bin\Debug\net10.0-windows10.0.19041.0\win-x64\GameSaveEditor.exe.WebView2\EBWebView\Default lastActive=2026-09-04T15:57:05.737Z
2026-09-04 15:58:19.106: [INFO] LastUsedProfileDir: C:\Users\Enoch\source\repos\GameSaveEditor\GameSaveEditor\bin\Debug\net10.0-windows10.0.19041.0\win-x64\GameSaveEditor.exe.WebView2\EBWebView\Default
2026-09-04 15:58:19.106: [INFO] MostRecentlyActiveProfile: name=Profile 1 path=C:\Users\Enoch\source\repos\GameSaveEditor\GameSaveEditor\bin\Debug\net10.0-windows10.0.19041.0\win-x64\GameSaveEditor.exe.WebView2\EBWebView\Default lastActive=2026-09-04T15:57:05.737Z
2026-09-04 15:58:19.106: [INFO] OnDoneLoading sync enabled: 0
2026-09-04 15:58:19.106: [INFO] BookmarkModelLoaded, ids_reassigned: 0
2026-09-04 15:58:19.106: [INFO] BookmarksLoadDropped droppedNodes=0
2026-09-04 15:58:19.106: [INFO] BookmarksSnapshot Startup total=0 bar=0 other=0 mobile=0 showBar=0 showBarNTP=1
2026-09-04 15:58:23.309: [INFO] BookmarksSnapshot Shutdown total=0 bar=0 other=0 mobile=0 showBar=0 showBarNTP=1
2026-09-04 16:00:28.132: [INFO] CurrentProfilePath: C:\Users\Enoch\source\repos\GameSaveEditor\GameSaveEditor\bin\Debug\net10.0-windows10.0.19041.0\win-x64\GameSaveEditor.exe.WebView2\EBWebView\Default
2026-09-04 16:00:28.132: [INFO] Profiles total count: 1
2026-09-04 16:00:28.132: [INFO] Profile: name=Profile 1 path=C:\Users\Enoch\source\repos\GameSaveEditor\GameSaveEditor\bin\Debug\net10.0-windows10.0.19041.0\win-x64\GameSaveEditor.exe.WebView2\EBWebView\Default lastActive=2026-09-04T15:58:19.426Z
2026-09-04 16:00:28.132: [INFO] LastUsedProfileDir: C:\Users\Enoch\source\repos\GameSaveEditor\GameSaveEditor\bin\Debug\net10.0-windows10.0.19041.0\win-x64\GameSaveEditor.exe.WebView2\EBWebView\Default
2026-09-04 16:00:28.132: [INFO] MostRecentlyActiveProfile: name=Profile 1 path=C:\Users\Enoch\source\repos\GameSaveEditor\GameSaveEditor\bin\Debug\net10.0-windows10.0.19041.0\win-x64\GameSaveEditor.exe.WebView2\EBWebView\Default lastActive=2026-09-04T15:58:19.426Z
2026-09-04 16:00:28.132: [INFO] OnDoneLoading sync enabled: 0
2026-09-04 16:00:28.132: [INFO] BookmarkModelLoaded, ids_reassigned: 0
2026-09-04 16:00:28.132: [INFO] BookmarksLoadDropped droppedNodes=0
2026-09-04 16:00:28.132: [INFO] BookmarksSnapshot Startup total=0 bar=0 other=0 mobile=0 showBar=0 showBarNTP=1
2026-09-04 16:00:39.064: [INFO] BookmarksSnapshot Shutdown total=0 bar=0 other=0 mobile=0 showBar=0 showBarNTP=1
2026-09-04 16:00:44.408: [INFO] CurrentProfilePath: C:\Users\Enoch\source\repos\GameSaveEditor\GameSaveEditor\bin\Debug\net10.0-windows10.0.19041.0\win-x64\GameSaveEditor.exe.WebView2\EBWebView\Default
2026-09-04 16:00:44.408: [INFO] Profiles total count: 1
2026-09-04 16:00:44.408: [INFO] Profile: name=Profile 1 path=C:\Users\Enoch\source\repos\GameSaveEditor\GameSaveEditor\bin\Debug\net10.0-windows10.0.19041.0\win-x64\GameSaveEditor.exe.WebView2\EBWebView\Default lastActive=2026-09-04T16:00:28.431Z
2026-09-04 16:00:44.408: [INFO] LastUsedProfileDir: C:\Users\Enoch\source\repos\GameSaveEditor\GameSaveEditor\bin\Debug\net10.0-windows10.0.19041.0\win-x64\GameSaveEditor.exe.WebView2\EBWebView\Default
2026-09-04 16:00:44.408: [INFO] MostRecentlyActiveProfile: name=Profile 1 path=C:\Users\Enoch\source\repos\GameSaveEditor\GameSaveEditor\bin\Debug\net10.0-windows10.0.19041.0\win-x64\GameSaveEditor.exe.WebView2\EBWebView\Default lastActive=2026-09-04T16:00:28.431Z
2026-09-04 16:00:44.408: [INFO] OnDoneLoading sync enabled: 0
2026-09-04 16:00:44.408: [INFO] BookmarkModelLoaded, ids_reassigned: 0
2026-09-04 16:00:44.408: [INFO] BookmarksLoadDropped droppedNodes=0
2026-09-04 16:00:44.408: [INFO] BookmarksSnapshot Startup total=0 bar=0 other=0 mobile=0 showBar=0 showBarNTP=1
2026-09-04 16:00:58.256: [INFO] BookmarksSnapshot Shutdown total=0 bar=0 other=0 mobile=0 showBar=0 showBarNTP=1
2026-09-04 16:02:24.264: [INFO] CurrentProfilePath: C:\Users\Enoch\source\repos\GameSaveEditor\GameSaveEditor\bin\Debug\net10.0-windows10.0.19041.0\win-x64\GameSaveEditor.exe.WebView2\EBWebView\Default
2026-09-04 16:02:24.264: [INFO] Profiles total count: 1
2026-09-04 16:02:24.264: [INFO] Profile: name=Profile 1 path=C:\Users\Enoch\source\repos\GameSaveEditor\GameSaveEditor\bin\Debug\net10.0-windows10.0.19041.0\win-x64\GameSaveEditor.exe.WebView2\EBWebView\Default lastActive=2026-09-04T16:00:44.720Z
2026-09-04 16:02:24.264: [INFO] LastUsedProfileDir: C:\Users\Enoch\source\repos\GameSaveEditor\GameSaveEditor\bin\Debug\net10.0-windows10.0.19041.0\win-x64\GameSaveEditor.exe.WebView2\EBWebView\Default
2026-09-04 16:02:24.264: [INFO] MostRecentlyActiveProfile: name=Profile 1 path=C:\Users\Enoch\source\repos\GameSaveEditor\GameSaveEditor\bin\Debug\net10.0-windows10.0.19041.0\win-x64\GameSaveEditor.exe.WebView2\EBWebView\Default lastActive=2026-09-04T16:00:44.720Z
2026-09-04 16:02:24.264: [INFO] OnDoneLoading sync enabled: 0
2026-09-04 16:02:24.264: [INFO] BookmarkModelLoaded, ids_reassigned: 0
2026-09-04 16:02:24.264: [INFO] BookmarksLoadDropped droppedNodes=0
2026-09-04 16:02:24.264: [INFO] BookmarksSnapshot Startup total=0 bar=0 other=0 mobile=0 showBar=0 showBarNTP=1
2026-09-04 16:03:22.497: [INFO] BookmarksSnapshot Shutdown total=0 bar=0 other=0 mobile=0 showBar=0 showBarNTP=1
2026-09-04 16:03:28.559: [INFO] CurrentProfilePath: C:\Users\Enoch\source\repos\GameSaveEditor\GameSaveEditor\bin\Debug\net10.0-windows10.0.19041.0\win-x64\GameSaveEditor.exe.WebView2\EBWebView\Default
2026-09-04 16:03:28.559: [INFO] Profiles total count: 1
2026-09-04 16:03:28.559: [INFO] Profile: name=Profile 1 path=C:\Users\Enoch\source\repos\GameSaveEditor\GameSaveEditor\bin\Debug\net10.0-windows10.0.19041.0\win-x64\GameSaveEditor.exe.WebView2\EBWebView\Default lastActive=2026-09-04T16:02:33.958Z
2026-09-04 16:03:28.559: [INFO] LastUsedProfileDir: C:\Users\Enoch\source\repos\GameSaveEditor\GameSaveEditor\bin\Debug\net10.0-windows10.0.19041.0\win-x64\GameSaveEditor.exe.WebView2\EBWebView\Default
2026-09-04 16:03:28.559: [INFO] MostRecentlyActiveProfile: name=Profile 1 path=C:\Users\Enoch\source\repos\GameSaveEditor\GameSaveEditor\bin\Debug\net10.0-windows10.0.19041.0\win-x64\GameSaveEditor.exe.WebView2\EBWebView\Default lastActive=2026-09-04T16:02:33.958Z
2026-09-04 16:03:28.559: [INFO] OnDoneLoading sync enabled: 0
2026-09-04 16:03:28.559: [INFO] BookmarkModelLoaded, ids_reassigned: 0
2026-09-04 16:03:28.559: [INFO] BookmarksLoadDropped droppedNodes=0
2026-09-04 16:03:28.559: [INFO] BookmarksSnapshot Startup total=0 bar=0 other=0 mobile=0 showBar=0 showBarNTP=1
2026-09-04 16:04:17.863: [INFO] BookmarksSnapshot Shutdown total=0 bar=0 other=0 mobile=0 showBar=0 showBarNTP=1
2026-09-04 16:07:00.026: [INFO] CurrentProfilePath: C:\Users\Enoch\source\repos\GameSaveEditor\GameSaveEditor\bin\Debug\net10.0-windows10.0.19041.0\win-x64\GameSaveEditor.exe.WebView2\EBWebView\Default
2026-09-04 16:07:00.026: [INFO] Profiles total count: 1
2026-09-04 16:07:00.026: [INFO] Profile: name=Profile 1 path=C:\Users\Enoch\source\repos\GameSaveEditor\GameSaveEditor\bin\Debug\net10.0-windows10.0.19041.0\win-x64\GameSaveEditor.exe.WebView2\EBWebView\Default lastActive=2026-09-04T16:03:50.478Z
2026-09-04 16:07:00.026: [INFO] LastUsedProfileDir: C:\Users\Enoch\source\repos\GameSaveEditor\GameSaveEditor\bin\Debug\net10.0-windows10.0.19041.0\win-x64\GameSaveEditor.exe.WebView2\EBWebView\Default
2026-09-04 16:07:00.026: [INFO] MostRecentlyActiveProfile: name=Profile 1 path=C:\Users\Enoch\source\repos\GameSaveEditor\GameSaveEditor\bin\Debug\net10.0-windows10.0.19041.0\win-x64\GameSaveEditor.exe.WebView2\EBWebView\Default lastActive=2026-09-04T16:03:50.478Z
2026-09-04 16:07:00.026: [INFO] OnDoneLoading sync enabled: 0
2026-09-04 16:07:00.026: [INFO] BookmarkModelLoaded, ids_reassigned: 0
2026-09-04 16:07:00.026: [INFO] BookmarksLoadDropped droppedNodes=0
2026-09-04 16:07:00.026: [INFO] BookmarksSnapshot Startup total=0 bar=0 other=0 mobile=0 showBar=0 showBarNTP=1
2026-09-04 16:07:05.137: [INFO] BookmarksSnapshot Shutdown total=0 bar=0 other=0 mobile=0 showBar=0 showBarNTP=1
2026-09-04 16:07:10.565: [INFO] CurrentProfilePath: C:\Users\Enoch\source\repos\GameSaveEditor\GameSaveEditor\bin\Debug\net10.0-windows10.0.19041.0\win-x64\GameSaveEditor.exe.WebView2\EBWebView\Default
2026-09-04 16:07:10.566: [INFO] Profiles total count: 1
2026-09-04 16:07:10.566: [INFO] Profile: name=Profile 1 path=C:\Users\Enoch\source\repos\GameSaveEditor\GameSaveEditor\bin\Debug\net10.0-windows10.0.19041.0\win-x64\GameSaveEditor.exe.WebView2\EBWebView\Default lastActive=2026-09-04T16:07:00.583Z
2026-09-04 16:07:10.566: [INFO] LastUsedProfileDir: C:\Users\Enoch\source\repos\GameSaveEditor\GameSaveEditor\bin\Debug\net10.0-windows10.0.19041.0\win-x64\GameSaveEditor.exe.WebView2\EBWebView\Default
2026-09-04 16:07:10.566: [INFO] MostRecentlyActiveProfile: name=Profile 1 path=C:\Users\Enoch\source\repos\GameSaveEditor\GameSaveEditor\bin\Debug\net10.0-windows10.0.19041.0\win-x64\GameSaveEditor.exe.WebView2\EBWebView\Default lastActive=2026-09-04T16:07:00.583Z
2026-09-04 16:07:10.566: [INFO] OnDoneLoading sync enabled: 0
2026-09-04 16:07:10.566: [INFO] BookmarkModelLoaded, ids_reassigned: 0
2026-09-04 16:07:10.566: [INFO] BookmarksLoadDropped droppedNodes=0
2026-09-04 16:07:10.566: [INFO] BookmarksSnapshot Startup total=0 bar=0 other=0 mobile=0 showBar=0 showBarNTP=1
2026-09-04 16:14:53.477: [INFO] BookmarksSnapshot Shutdown total=0 bar=0 other=0 mobile=0 showBar=0 showBarNTP=1
2026-09-04 16:17:22.460: [INFO] CurrentProfilePath: C:\Users\Enoch\source\repos\GameSaveEditor\GameSaveEditor\bin\Debug\net10.0-windows10.0.19041.0\win-x64\GameSaveEditor.exe.WebView2\EBWebView\Default
2026-09-04 16:17:22.460: [INFO] Profiles total count: 1
2026-09-04 16:17:22.460: [INFO] Profile: name=Profile 1 path=C:\Users\Enoch\source\repos\GameSaveEditor\GameSaveEditor\bin\Debug\net10.0-windows10.0.19041.0\win-x64\GameSaveEditor.exe.WebView2\EBWebView\Default lastActive=2026-09-04T16:12:53.640Z
2026-09-04 16:17:22.460: [INFO] LastUsedProfileDir: C:\Users\Enoch\source\repos\GameSaveEditor\GameSaveEditor\bin\Debug\net10.0-windows10.0.19041.0\win-x64\GameSaveEditor.exe.WebView2\EBWebView\Default
2026-09-04 16:17:22.460: [INFO] MostRecentlyActiveProfile: name=Profile 1 path=C:\Users\Enoch\source\repos\GameSaveEditor\GameSaveEditor\bin\Debug\net10.0-windows10.0.19041.0\win-x64\GameSaveEditor.exe.WebView2\EBWebView\Default lastActive=2026-09-04T16:12:53.640Z
2026-09-04 16:17:22.460: [INFO] OnDoneLoading sync enabled: 0
2026-09-04 16:17:22.460: [INFO] BookmarkModelLoaded, ids_reassigned: 0
2026-09-04 16:17:22.460: [INFO] BookmarksLoadDropped droppedNodes=0
2026-09-04 16:17:22.460: [INFO] BookmarksSnapshot Startup total=0 bar=0 other=0 mobile=0 showBar=0 showBarNTP=1
2026-09-04 16:17:41.439: [INFO] BookmarksSnapshot Shutdown total=0 bar=0 other=0 mobile=0 showBar=0 showBarNTP=1
